../Core/Src/main.c:112:6:start_recording_from_mic	8	static
../Core/Src/main.c:127:6:mount_SD_card	16	static
../Core/Src/main.c:149:6:close_SD_card_song	8	static
../Core/Src/main.c:156:6:unmount_SD_card	8	static
../Core/Src/main.c:166:5:main	16	static
../Core/Src/main.c:270:6:SystemClock_Config	96	static
../Core/Src/main.c:321:13:MX_DFSDM1_Init	8	static
../Core/Src/main.c:374:13:MX_SPI2_Init	8	static
../Core/Src/main.c:414:13:MX_USART2_UART_Init	8	static
../Core/Src/main.c:447:13:MX_DMA_Init	16	static
../Core/Src/main.c:465:13:MX_GPIO_Init	40	static
../Core/Src/main.c:505:5:__io_putchar	16	static
../Core/Src/main.c:516:6:HAL_GPIO_EXTI_Callback	16	static
../Core/Src/main.c:520:6:HAL_DFSDM_FilterRegConvHalfCpltCallback	16	static
../Core/Src/main.c:527:6:HAL_DFSDM_FilterRegConvCpltCallback	16	static
../Core/Src/main.c:539:6:Error_Handler	4	static,ignoring_inline_asm
