../Core/Src/main.c:112:6:start_recording_from_mic	8	static
../Core/Src/main.c:126:6:mount_SD_card	16	static
../Core/Src/main.c:148:6:close_SD_card_song	8	static
../Core/Src/main.c:155:6:unmount_SD_card	8	static
../Core/Src/main.c:165:5:main	16	static
../Core/Src/main.c:263:6:SystemClock_Config	96	static
../Core/Src/main.c:314:13:MX_DFSDM1_Init	8	static
../Core/Src/main.c:367:13:MX_SPI2_Init	8	static
../Core/Src/main.c:407:13:MX_USART2_UART_Init	8	static
../Core/Src/main.c:440:13:MX_DMA_Init	16	static
../Core/Src/main.c:458:13:MX_GPIO_Init	40	static
../Core/Src/main.c:494:5:__io_putchar	16	static
../Core/Src/main.c:505:6:HAL_GPIO_EXTI_Callback	16	static
../Core/Src/main.c:509:6:HAL_DFSDM_FilterRegConvHalfCpltCallback	16	static
../Core/Src/main.c:516:6:HAL_DFSDM_FilterRegConvCpltCallback	16	static
../Core/Src/main.c:528:6:Error_Handler	4	static,ignoring_inline_asm
