12:12:52 **** Incremental Build of configuration Debug for project stm32DFSDMmicrophone ****
make -j11 all 
arm-none-eabi-gcc "../Core/Src/main.c" -mcpu=cortex-m4 -std=gnu11 -g3 -DDEBUG -DUSE_HAL_DRIVER -DSTM32L476xx -c -I../Core/Inc -I../Drivers/STM32L4xx_HAL_Driver/Inc -I../Drivers/STM32L4xx_HAL_Driver/Inc/Legacy -I../Drivers/CMSIS/Device/ST/STM32L4xx/Include -I../Drivers/CMSIS/Include -I../FATFS/Target -I../FATFS/App -I../Middlewares/Third_Party/FatFs/src -O0 -ffunction-sections -fdata-sections -Wall -fstack-usage -fcyclomatic-complexity -MMD -MP -MF"Core/Src/main.d" -MT"Core/Src/main.o" --specs=nano.specs -mfpu=fpv4-sp-d16 -mfloat-abi=hard -mthumb -o "Core/Src/main.o"
arm-none-eabi-gcc -o "stm32DFSDMmicrophone.elf" @"objects.list"   -mcpu=cortex-m4 -T"/Users/peterlototsky/Documents/GitHub/stm32DFSDMmicrophoneExample/stm32DFSDMmicrophone/STM32L476RGTX_FLASH.ld" --specs=nosys.specs -Wl,-Map="stm32DFSDMmicrophone.map" -Wl,--gc-sections -static --specs=nano.specs -mfpu=fpv4-sp-d16 -mfloat-abi=hard -mthumb -Wl,--start-group -lc -lm -Wl,--end-group
Finished building target: stm32DFSDMmicrophone.elf
 
arm-none-eabi-size  stm32DFSDMmicrophone.elf 
arm-none-eabi-objdump -h -S stm32DFSDMmicrophone.elf  > "stm32DFSDMmicrophone.list"
   text	   data	    bss	    dec	    hex	filename
  39792	    176	  17152	  57120	   df20	stm32DFSDMmicrophone.elf
Finished building: default.size.stdout
 
Finished building: stm32DFSDMmicrophone.list
 

12:12:53 Build Finished. 0 errors, 0 warnings. (took 555ms)

